// Jest Snapshot v1, https://goo.gl/fbAQLP

exports[`matches snapshot 1`] = `
<form
  data-testid="autoform"
  onSubmit={[Function]}
>
  <div
    className="sc-AxhUy hKLTI"
  >
    <label
      className="label"
    >
      Name
    </label>
    <div
      className="sc-AxjAm jyTxnW"
      color="#bb9ece"
    >
      <svg
        className="FormField1-svg"
        fill="none"
        height="14"
        viewBox="0 0 215 14"
        xmlns="http://www.w3.org/2000/svg"
      >
        <path
          className="FormField1-svg-path"
          d="M2 10.2045C13.9737 10.378 26.5386 11.983 38.2926 8.97613C40.8256 8.32814 45.0743 5.38044 42.201 2.66681C41.3829 1.89418 38.3087 1.7578 37.4271 2.44347C34.7009 4.56385 35.9441 7.62899 37.9576 9.45073C43.5495 14.5101 56.2782 9.55572 62.134 7.58026C62.9777 7.29563 70.0415 4.88245 67.6896 3.616C66.6804 3.07261 64.5287 1.40012 63.5578 2.69472C62.9936 3.44699 61.4054 4.61516 61.9107 5.68188C65.4177 13.0857 80.2643 11.6027 86.5338 10.707C93.6307 9.69317 100.431 7.41785 107.276 5.43063C108.785 4.99268 110.543 3.87807 110.543 5.96106C110.543 7.64388 110.777 9.76763 112.944 9.70198C115.008 9.63943 128.481 3.43367 129.638 5.45854C133.179 11.6546 141.206 10.8434 147.533 10.6791C152.799 10.5423 158.523 10.1748 163.474 8.19444C164.375 7.83405 167.327 6.91263 167.327 5.68188C167.327 4.10233 161.991 2.62112 161.296 4.70477C159.756 9.32571 164.972 11.3442 168.89 11.9912C176.418 13.2344 184.918 10.7434 192.201 9.17155C199.249 7.65042 206.079 5.41582 213.055 3.67183"
          strokeLinecap="round"
          strokeLinejoin="round"
          strokeWidth="3"
        />
      </svg>
      <input
        className="FormField1-input"
        data-testid="formfield-1"
        formfield_type="FormField1"
        label=""
        name="Name"
        onChange={[Function]}
        placeholder="carmen"
        required={true}
        type="text"
        value=""
      />
    </div>
  </div>
  <div
    className="sc-AxhUy hKLTI"
  >
    <label
      className="label"
    >
      Date
    </label>
    <div
      className="sc-AxiKw bSCZJp"
      color="#a4c5b7"
    >
      <svg
        className="FormField3-svg"
        fill="none"
        height="18"
        viewBox="0 0 211 18"
        width="251"
        xmlns="http://www.w3.org/2000/svg"
      >
        <path
          className="FormField3-svg-path"
          d="M2 12.7389C9.74314 9.00364 21.0998 7.03973 21.0998 7.03973C32.9726 5.26837 33.4888 5.26837 35.5263 7.03973C36.7967 8.83709 39.4562 10.5776 37.8509 12.5316C36.4344 14.2557 34.5418 14.7851 32.2838 14.994C30.8915 15.1228 29.9181 14.7645 30.3947 13.3788C31.7016 9.5792 43.9009 9.91654 47.3393 9.64648C52.4438 9.24556 57.6744 10.1645 62.7097 10.8909C71.2585 12.1243 74.9488 11.8022 83.3037 9.43368C85.5603 8.79395 88.8658 7.77475 90.0157 5.64739C90.8863 4.03665 89.851 3.30897 88.6418 2.23179C87.8622 1.53739 85.8282 2.57133 85.1355 3.13202C84.3761 3.74667 84.606 4.65379 84.606 5.515C84.606 8.64121 88.3096 10.2108 90.9173 11.2342C94.9275 12.808 100.068 12.792 104.27 11.949C110.04 10.7915 115.832 9.70157 121.672 8.85117C125.209 8.33618 128.833 8.35835 132.391 8.00389C138.251 7.42021 144.443 6.68155 150.223 8.04361C150.839 8.18855 161.325 11.3975 159.96 13.0214C159.089 14.0574 154.987 15.7437 153.663 16C153.663 16 151.841 13.7787 151.841 12.8493C151.841 11.4743 153.519 11.0858 154.56 10.6252C156.554 9.74275 166.266 8.85117 174.51 8.85117C180.692 8.85117 197.064 15.3203 209 6.71962"
          strokeLinecap="round"
          strokeLinejoin="round"
          strokeWidth="3"
        />
      </svg>
      <input
        className="FormField3-input"
        data-testid="formfield-3"
        formfield_type="FormField3"
        label=""
        name="Date"
        onChange={[Function]}
        placeholder="01/25/20"
        required={true}
        type="date"
        value=""
      />
    </div>
  </div>
  <div
    className="sc-AxhUy hKLTI"
  >
    <label
      className="label"
    >
      Password
    </label>
    <div
      className="sc-AxirZ hIrmfZ"
      color="#8d99d6"
    >
      <svg
        className="FormField2-svg"
        fill="none"
        height="22"
        viewBox="0 0 213 22"
        width="250"
        xmlns="http://www.w3.org/2000/svg"
      >
        <path
          className="FormField2-svg-path"
          d="M1.87508 14.4691C11.5513 15.5503 23.1047 12.6283 31.3377 7.33167C31.7862 7.04318 34.2011 4.96349 34.8087 5.16838C35.8707 5.52649 36.91 9.66786 37.3803 10.675C40.89 18.1902 61.8867 2.65408 63.0159 6.03847C64.2776 9.82006 66.126 13.1549 70.4775 13.6427C78.1074 14.4981 85.4043 11.8497 92.0515 8.37696C92.7391 8.01775 95.0655 6.21297 95.6619 7.49008C96.0762 8.37725 96.1405 9.34844 97.0422 9.95666C98.5677 10.9857 101.536 10.6773 103.214 10.6424C108.026 10.542 112.438 9.10801 116.949 7.53876C120.014 6.47237 124.124 3.67549 125.812 7.08161C128.361 12.2231 134.128 13.1644 139.374 12.6507C144.269 12.1714 147.593 9.89696 151.763 7.94921C153.869 6.96585 153.397 10.0279 154.302 11.4302C156.722 15.1769 164.819 12.3724 167.732 11.0952C169.071 10.5085 170.634 9.3724 172.013 8.95357C172.682 8.75018 173.791 11.6285 174.156 12.0769C177.861 16.6188 187.01 13.0609 190.767 10.6989C192.147 9.83135 192.73 8.34342 194.423 9.20582C199.036 11.5562 206.57 9.13667 211.33 8.61673"
          strokeLinecap="round"
          strokeLinejoin="round"
          strokeWidth="3"
        />
      </svg>
      <input
        className="FormField2-input"
        data-testid="formfield-2"
        formfield_type="FormField2"
        label=""
        name="Password"
        onChange={[Function]}
        placeholder="password"
        required={true}
        type="password"
        value=""
      />
    </div>
  </div>
  <button
    className="sc-AxhCb duCKeT"
    color="#90bbfd"
    data-testid="primary-button"
    fontSize="md"
    type="submit"
  >
    <svg
      className="button-svg"
    >
      <path
        d="M8.64405 27.3374C7.96446 38.7346 7 59.5761 7 70.9819C7 70.9819 7 70.9819 7 83.0218C7.98013 86.9471 8.1523 95.9527 12.4558 97.8486C20.2486 101.282 29.6879 99.5766 37.7047 99.5766C47.7256 99.5766 60.0906 100.009 71.2747 99.5766C113.073 97.9592 148.436 99.5766 191.024 99.5766C203.551 99.5766 212.569 98.5732 229.104 98.5732 M11 3.2579C68.1175 3.2579 80.6452 2.25472 138.265 4.20542C149.288 4.20542 204.417 3.29153 215.371 4.20548C222.212 4.7763 223.693 4.53473 230.458 5.76615C241.797 7.83045 236.971 23.3243 236.971 29.8459C236.461 37.504 235.969 49.9123 235.969 57.9389C235.969 65.4638 235.969 73.2029 235.969 81.5169"
        fill="none"
        strokeLinecap="round"
        strokeLinejoin="round"
        strokeWidth="6"
      />
    </svg>
    <span
      className="button-span"
    >
      Send
    </span>
  </button>
</form>
`;
