// Jest Snapshot v1, https://goo.gl/fbAQLP

exports[`matches snapshot 1`] = `
<div
  className="sc-AxjAm GDOML"
  color="#5d2"
>
  <svg
    className="FormField2-svg"
    fill="none"
    height="22"
    viewBox="0 0 213 22"
    width="250"
    xmlns="http://www.w3.org/2000/svg"
  >
    <path
      className="FormField2-svg-path"
      d="M1.87508 14.4691C11.5513 15.5503 23.1047 12.6283 31.3377 7.33167C31.7862 7.04318 34.2011 4.96349 34.8087 5.16838C35.8707 5.52649 36.91 9.66786 37.3803 10.675C40.89 18.1902 61.8867 2.65408 63.0159 6.03847C64.2776 9.82006 66.126 13.1549 70.4775 13.6427C78.1074 14.4981 85.4043 11.8497 92.0515 8.37696C92.7391 8.01775 95.0655 6.21297 95.6619 7.49008C96.0762 8.37725 96.1405 9.34844 97.0422 9.95666C98.5677 10.9857 101.536 10.6773 103.214 10.6424C108.026 10.542 112.438 9.10801 116.949 7.53876C120.014 6.47237 124.124 3.67549 125.812 7.08161C128.361 12.2231 134.128 13.1644 139.374 12.6507C144.269 12.1714 147.593 9.89696 151.763 7.94921C153.869 6.96585 153.397 10.0279 154.302 11.4302C156.722 15.1769 164.819 12.3724 167.732 11.0952C169.071 10.5085 170.634 9.3724 172.013 8.95357C172.682 8.75018 173.791 11.6285 174.156 12.0769C177.861 16.6188 187.01 13.0609 190.767 10.6989C192.147 9.83135 192.73 8.34342 194.423 9.20582C199.036 11.5562 206.57 9.13667 211.33 8.61673"
      data-testid="formfield-2"
      strokeLinecap="round"
      strokeLinejoin="round"
      strokeWidth="3"
    />
  </svg>
  <input
    className="FormField2-input"
    label=""
    placeholder=""
    required={true}
    type="text"
  >
    hello
  </input>
</div>
`;
